// Jest Snapshot v1, https://goo.gl/fbAQLP

exports[`Testing UserDisplay Component shold render the component 1`] = `
<ul
  className="nav flex-column"
>
  <li
    className="nav-item"
  >
    <a
      className="nav-link"
      href="https://github.com/euconectei/AcessibilidadeUsabilidade"
    >
      AcessibilidadeUsabilidade
    </a>
  </li>
  <li
    className="nav-item"
  >
    <a
      className="nav-link"
      href="https://github.com/euconectei/autocompleteTagchat"
    >
      autocompleteTagchat
    </a>
  </li>
  <li
    className="nav-item"
  >
    <a
      className="nav-link"
      href="https://github.com/euconectei/carga-instalada"
    >
      carga-instalada
    </a>
  </li>
  <li
    className="nav-item"
  >
    <a
      className="nav-link"
      href="https://github.com/euconectei/ci-cd-travis-hostgator"
    >
      ci-cd-travis-hostgator
    </a>
  </li>
  <li
    className="nav-item"
  >
    <a
      className="nav-link"
      href="https://github.com/euconectei/classificacao-conversa"
    >
      classificacao-conversa
    </a>
  </li>
  <li
    className="nav-item"
  >
    <a
      className="nav-link"
      href="https://github.com/euconectei/codecopy"
    >
      codecopy
    </a>
  </li>
  <li
    className="nav-item"
  >
    <a
      className="nav-link"
      href="https://github.com/euconectei/condo"
    >
      condo
    </a>
  </li>
  <li
    className="nav-item"
  >
    <a
      className="nav-link"
      href="https://github.com/euconectei/Corporizacao-ABCiber"
    >
      Corporizacao-ABCiber
    </a>
  </li>
  <li
    className="nav-item"
  >
    <a
      className="nav-link"
      href="https://github.com/euconectei/create-react-app"
    >
      create-react-app
    </a>
  </li>
  <li
    className="nav-item"
  >
    <a
      className="nav-link"
      href="https://github.com/euconectei/demo-site-awesome-react-links"
    >
      demo-site-awesome-react-links
    </a>
  </li>
  <li
    className="nav-item"
  >
    <a
      className="nav-link"
      href="https://github.com/euconectei/euconectei.github.io"
    >
      euconectei.github.io
    </a>
  </li>
  <li
    className="nav-item"
  >
    <a
      className="nav-link"
      href="https://github.com/euconectei/gestao-de-convidados"
    >
      gestao-de-convidados
    </a>
  </li>
  <li
    className="nav-item"
  >
    <a
      className="nav-link"
      href="https://github.com/euconectei/gift-manager"
    >
      gift-manager
    </a>
  </li>
  <li
    className="nav-item"
  >
    <a
      className="nav-link"
      href="https://github.com/euconectei/git-point"
    >
      git-point
    </a>
  </li>
  <li
    className="nav-item"
  >
    <a
      className="nav-link"
      href="https://github.com/euconectei/Gulp_init"
    >
      Gulp_init
    </a>
  </li>
  <li
    className="nav-item"
  >
    <a
      className="nav-link"
      href="https://github.com/euconectei/Hacktoberfest-2018-First-Pull-Request"
    >
      Hacktoberfest-2018-First-Pull-Request
    </a>
  </li>
  <li
    className="nav-item"
  >
    <a
      className="nav-link"
      href="https://github.com/euconectei/hacktoberfest2018"
    >
      hacktoberfest2018
    </a>
  </li>
  <li
    className="nav-item"
  >
    <a
      className="nav-link"
      href="https://github.com/euconectei/hamb-menu"
    >
      hamb-menu
    </a>
  </li>
  <li
    className="nav-item"
  >
    <a
      className="nav-link"
      href="https://github.com/euconectei/Make-a-Pull-Request"
    >
      Make-a-Pull-Request
    </a>
  </li>
  <li
    className="nav-item"
  >
    <a
      className="nav-link"
      href="https://github.com/euconectei/mci"
    >
      mci
    </a>
  </li>
  <li
    className="nav-item"
  >
    <a
      className="nav-link"
      href="https://github.com/euconectei/mean-exemplo"
    >
      mean-exemplo
    </a>
  </li>
  <li
    className="nav-item"
  >
    <a
      className="nav-link"
      href="https://github.com/euconectei/Meny"
    >
      Meny
    </a>
  </li>
  <li
    className="nav-item"
  >
    <a
      className="nav-link"
      href="https://github.com/euconectei/pagamento-react"
    >
      pagamento-react
    </a>
  </li>
  <li
    className="nav-item"
  >
    <a
      className="nav-link"
      href="https://github.com/euconectei/phonegap-cloud9"
    >
      phonegap-cloud9
    </a>
  </li>
  <li
    className="nav-item"
  >
    <a
      className="nav-link"
      href="https://github.com/euconectei/Projetos-Colaborativos"
    >
      Projetos-Colaborativos
    </a>
  </li>
  <li
    className="nav-item"
  >
    <a
      className="nav-link"
      href="https://github.com/euconectei/resrc"
    >
      resrc
    </a>
  </li>
  <li
    className="nav-item"
  >
    <a
      className="nav-link"
      href="https://github.com/euconectei/reveal.js"
    >
      reveal.js
    </a>
  </li>
  <li
    className="nav-item"
  >
    <a
      className="nav-link"
      href="https://github.com/euconectei/setup_config"
    >
      setup_config
    </a>
  </li>
  <li
    className="nav-item"
  >
    <a
      className="nav-link"
      href="https://github.com/euconectei/site"
    >
      site
    </a>
  </li>
  <li
    className="nav-item"
  >
    <a
      className="nav-link"
      href="https://github.com/euconectei/socorrovovo"
    >
      socorrovovo
    </a>
  </li>
</ul>
`;
