// Jest Snapshot v1, https://goo.gl/fbAQLP

exports[`Testing StarredList Component shold render the component 1`] = `
<ul
  className="nav flex-column"
>
  <li
    className="nav-item"
  >
    <a
      className="nav-link"
      href="https://github.com/bnb/awesome-hyper"
    >
      awesome-hyper
    </a>
  </li>
  <li
    className="nav-item"
  >
    <a
      className="nav-link"
      href="https://github.com/luizalabs/react-boilerplate"
    >
      react-boilerplate
    </a>
  </li>
  <li
    className="nav-item"
  >
    <a
      className="nav-link"
      href="https://github.com/jeffersonRibeiro/react-shopping-cart"
    >
      react-shopping-cart
    </a>
  </li>
  <li
    className="nav-item"
  >
    <a
      className="nav-link"
      href="https://github.com/doczjs/docz"
    >
      docz
    </a>
  </li>
  <li
    className="nav-item"
  >
    <a
      className="nav-link"
      href="https://github.com/webpro/reveal-md"
    >
      reveal-md
    </a>
  </li>
  <li
    className="nav-item"
  >
    <a
      className="nav-link"
      href="https://github.com/zehfernandes/pliim"
    >
      pliim
    </a>
  </li>
  <li
    className="nav-item"
  >
    <a
      className="nav-link"
      href="https://github.com/viatsko/awesome-vscode"
    >
      awesome-vscode
    </a>
  </li>
  <li
    className="nav-item"
  >
    <a
      className="nav-link"
      href="https://github.com/ravenac95/sudolikeaboss"
    >
      sudolikeaboss
    </a>
  </li>
  <li
    className="nav-item"
  >
    <a
      className="nav-link"
      href="https://github.com/filosobella/socorrovovo"
    >
      socorrovovo
    </a>
  </li>
  <li
    className="nav-item"
  >
    <a
      className="nav-link"
      href="https://github.com/zenorocha/codecopy"
    >
      codecopy
    </a>
  </li>
  <li
    className="nav-item"
  >
    <a
      className="nav-link"
      href="https://github.com/mermaid-js/mermaid"
    >
      mermaid
    </a>
  </li>
  <li
    className="nav-item"
  >
    <a
      className="nav-link"
      href="https://github.com/nayafia/lemonade-stand"
    >
      lemonade-stand
    </a>
  </li>
  <li
    className="nav-item"
  >
    <a
      className="nav-link"
      href="https://github.com/joshbuchea/HEAD"
    >
      HEAD
    </a>
  </li>
  <li
    className="nav-item"
  >
    <a
      className="nav-link"
      href="https://github.com/ericdouglas/be-MEAN-resources"
    >
      be-MEAN-resources
    </a>
  </li>
  <li
    className="nav-item"
  >
    <a
      className="nav-link"
      href="https://github.com/humhub/humhub"
    >
      humhub
    </a>
  </li>
  <li
    className="nav-item"
  >
    <a
      className="nav-link"
      href="https://github.com/liferay/sennajs.com"
    >
      sennajs.com
    </a>
  </li>
  <li
    className="nav-item"
  >
    <a
      className="nav-link"
      href="https://github.com/vhf/resrc"
    >
      resrc
    </a>
  </li>
  <li
    className="nav-item"
  >
    <a
      className="nav-link"
      href="https://github.com/tinymce/tinymce"
    >
      tinymce
    </a>
  </li>
  <li
    className="nav-item"
  >
    <a
      className="nav-link"
      href="https://github.com/thumbor/thumbor"
    >
      thumbor
    </a>
  </li>
  <li
    className="nav-item"
  >
    <a
      className="nav-link"
      href="https://github.com/jamesiarmes/php-ews"
    >
      php-ews
    </a>
  </li>
  <li
    className="nav-item"
  >
    <a
      className="nav-link"
      href="https://github.com/tableless/Sublime"
    >
      Sublime
    </a>
  </li>
  <li
    className="nav-item"
  >
    <a
      className="nav-link"
      href="https://github.com/adampresley/sublime-js-minify"
    >
      sublime-js-minify
    </a>
  </li>
</ul>
`;
